---
source: crates/bpl/tests/test.rs
expression: snapshot_report
---
[Parsed]
[
    Proc(
        ProcDecl {
            proc_sign: ProcSign {
                attrs: [
                    Attr(
                        AttrContent {
                            ident: "checksum",
                            params: [
                                String(
                                    StringLit {
                                        text: "0",
                                    },
                                ),
                            ],
                        },
                    ),
                ],
                ident: "P",
                type_params: [],
                var_params: [],
                returns: [],
            },
            specs: [
                Contract(
                    ContractSpec {
                        kind: Requires,
                        attrs: [],
                        proposition: Rel(
                            RelExpr {
                                lhs: Nat(
                                    "0",
                                ),
                                op: Neq,
                                rhs: Nat(
                                    "0",
                                ),
                            },
                        ),
                        is_free: false,
                    },
                ),
            ],
            impl_body: None,
        },
    ),
    Impl(
        ImplDecl {
            proc_sign: ProcSign {
                attrs: [
                    Attr(
                        AttrContent {
                            ident: "id",
                            params: [
                                String(
                                    StringLit {
                                        text: "P",
                                    },
                                ),
                            ],
                        },
                    ),
                    Attr(
                        AttrContent {
                            ident: "checksum",
                            params: [
                                String(
                                    StringLit {
                                        text: "1",
                                    },
                                ),
                            ],
                        },
                    ),
                ],
                ident: "P",
                type_params: [],
                var_params: [],
                returns: [],
            },
            impl_body: ImplBody {
                local_vars: [],
                stmt_list: [
                    LabelOrCmd(
                        Claim(
                            ClaimCmd {
                                kind: Assert,
                                attrs: [],
                                proposition: Rel(
                                    RelExpr {
                                        lhs: Nat(
                                            "1",
                                        ),
                                        op: Neq,
                                        rhs: Nat(
                                            "1",
                                        ),
                                    },
                                ),
                            },
                        ),
                    ),
                ],
            },
        },
    ),
]

[Printed]
procedure {:checksum "0"} P();
  requires 0 != 0;

implementation {:id "P"} {:checksum "1"} P() {
  assert 1 != 1;
}

[Input - ../../vendor/boogie/Test/snapshots/Snapshots34.v0.bpl]
procedure {:checksum "0"} P();
  requires 0 != 0;

implementation {:id "P"} {:checksum "1"} P()
{
    assert 1 != 1;
}
