---
source: crates/bpl/tests/test.rs
expression: snapshot_report
---
[Parsed]
[
    Var(
        VarDecl {
            attrs: [
                Attr(
                    AttrContent {
                        ident: "layer",
                        params: [
                            Expr(
                                Nat(
                                    "0",
                                ),
                            ),
                            Expr(
                                Nat(
                                    "2",
                                ),
                            ),
                        ],
                    },
                ),
            ],
            vars: [
                TypedIdentsWhere {
                    typed_idents: TypedIdents {
                        idents: [
                            "x",
                        ],
                        type_: Atom(
                            Int,
                        ),
                    },
                    where_: None,
                },
            ],
        },
    ),
    Proc(
        ProcDecl {
            proc_sign: ProcSign {
                attrs: [
                    Attr(
                        AttrContent {
                            ident: "left",
                            params: [],
                        },
                    ),
                    Attr(
                        AttrContent {
                            ident: "layer",
                            params: [
                                Expr(
                                    Nat(
                                        "1",
                                    ),
                                ),
                            ],
                        },
                    ),
                ],
                ident: "inc",
                type_params: [],
                var_params: [],
                returns: [],
            },
            specs: [
                Modifies(
                    ModifiesSpec {
                        vars: [
                            "x",
                        ],
                    },
                ),
            ],
            impl_body: Some(
                ImplBody {
                    local_vars: [],
                    stmt_list: [
                        LabelOrCmd(
                            Assign(
                                AssignCmd {
                                    lhs: [
                                        AssignLhs {
                                            ident: "x",
                                            subscripts: [],
                                        },
                                    ],
                                    rhs: [
                                        Term(
                                            Term {
                                                lhs: Var(
                                                    "x",
                                                ),
                                                op: Add,
                                                rhs: Nat(
                                                    "1",
                                                ),
                                            },
                                        ),
                                    ],
                                },
                            ),
                        ),
                    ],
                },
            ),
        },
    ),
    Proc(
        ProcDecl {
            proc_sign: ProcSign {
                attrs: [
                    Attr(
                        AttrContent {
                            ident: "atomic",
                            params: [],
                        },
                    ),
                    Attr(
                        AttrContent {
                            ident: "layer",
                            params: [
                                Expr(
                                    Nat(
                                        "1",
                                    ),
                                ),
                            ],
                        },
                    ),
                ],
                ident: "ass_eq_1",
                type_params: [],
                var_params: [],
                returns: [],
            },
            specs: [],
            impl_body: Some(
                ImplBody {
                    local_vars: [],
                    stmt_list: [
                        LabelOrCmd(
                            Claim(
                                ClaimCmd {
                                    kind: Assert,
                                    attrs: [],
                                    proposition: Rel(
                                        RelExpr {
                                            lhs: Var(
                                                "x",
                                            ),
                                            op: Eq,
                                            rhs: Nat(
                                                "1",
                                            ),
                                        },
                                    ),
                                },
                            ),
                        ),
                    ],
                },
            ),
        },
    ),
    Proc(
        ProcDecl {
            proc_sign: ProcSign {
                attrs: [
                    Attr(
                        AttrContent {
                            ident: "atomic",
                            params: [],
                        },
                    ),
                    Attr(
                        AttrContent {
                            ident: "layer",
                            params: [
                                Expr(
                                    Nat(
                                        "1",
                                    ),
                                ),
                            ],
                        },
                    ),
                ],
                ident: "ass_leq_1",
                type_params: [],
                var_params: [],
                returns: [],
            },
            specs: [],
            impl_body: Some(
                ImplBody {
                    local_vars: [],
                    stmt_list: [
                        LabelOrCmd(
                            Claim(
                                ClaimCmd {
                                    kind: Assert,
                                    attrs: [],
                                    proposition: Rel(
                                        RelExpr {
                                            lhs: Var(
                                                "x",
                                            ),
                                            op: Le,
                                            rhs: Nat(
                                                "1",
                                            ),
                                        },
                                    ),
                                },
                            ),
                        ),
                    ],
                },
            ),
        },
    ),
    Proc(
        ProcDecl {
            proc_sign: ProcSign {
                attrs: [
                    Attr(
                        AttrContent {
                            ident: "atomic",
                            params: [],
                        },
                    ),
                    Attr(
                        AttrContent {
                            ident: "layer",
                            params: [
                                Expr(
                                    Nat(
                                        "1",
                                    ),
                                ),
                            ],
                        },
                    ),
                ],
                ident: "init",
                type_params: [],
                var_params: [],
                returns: [],
            },
            specs: [
                Modifies(
                    ModifiesSpec {
                        vars: [
                            "x",
                        ],
                    },
                ),
            ],
            impl_body: Some(
                ImplBody {
                    local_vars: [],
                    stmt_list: [
                        LabelOrCmd(
                            Assign(
                                AssignCmd {
                                    lhs: [
                                        AssignLhs {
                                            ident: "x",
                                            subscripts: [],
                                        },
                                    ],
                                    rhs: [
                                        Nat(
                                            "0",
                                        ),
                                    ],
                                },
                            ),
                        ),
                    ],
                },
            ),
        },
    ),
    Proc(
        ProcDecl {
            proc_sign: ProcSign {
                attrs: [
                    Attr(
                        AttrContent {
                            ident: "left",
                            params: [],
                        },
                    ),
                    Attr(
                        AttrContent {
                            ident: "layer",
                            params: [
                                Expr(
                                    Nat(
                                        "2",
                                    ),
                                ),
                            ],
                        },
                    ),
                ],
                ident: "block",
                type_params: [],
                var_params: [],
                returns: [],
            },
            specs: [],
            impl_body: Some(
                ImplBody {
                    local_vars: [],
                    stmt_list: [
                        LabelOrCmd(
                            Claim(
                                ClaimCmd {
                                    kind: Assume,
                                    attrs: [],
                                    proposition: Rel(
                                        RelExpr {
                                            lhs: Var(
                                                "x",
                                            ),
                                            op: Ge,
                                            rhs: Nat(
                                                "0",
                                            ),
                                        },
                                    ),
                                },
                            ),
                        ),
                    ],
                },
            ),
        },
    ),
]

[Printed]
var {:layer 0, 2} x: int;

procedure {:left} {:layer 1} inc()
  modifies x;
{
  x := x + 1;
}

procedure {:atomic} {:layer 1} ass_eq_1() {
  assert x == 1;
}

procedure {:atomic} {:layer 1} ass_leq_1() {
  assert x <= 1;
}

procedure {:atomic} {:layer 1} init()
  modifies x;
{
  x := 0;
}

procedure {:left} {:layer 2} block() {
  assume x >= 0;
}

[Input - ../../vendor/boogie/Test/civl/left-mover.bpl]
// RUN: %boogie "%s" > "%t"
// RUN: %diff "%s.expect" "%t"

var {:layer 0,2} x : int;

procedure {:left} {:layer 1} inc ()
modifies x;
{ x := x + 1; }

// Error: Gate failure of ass_eq_1 not preserved by inc
procedure {:atomic} {:layer 1} ass_eq_1 ()
{ assert x == 1; }

// Correct
procedure {:atomic} {:layer 1} ass_leq_1 ()
{ assert x <= 1; }

// Error: init and inc do not commute
procedure {:atomic} {:layer 1} init ()
modifies x;
{ x := 0; }

////////////////////////////////////////////////////////////////////////////////

// Error block is blocking
procedure {:left} {:layer 2} block ()
{ assume x >= 0; }
