---
source: crates/bpl/tests/test.rs
expression: snapshot_report
---
[Parsed]
[
    Proc(
        ProcDecl {
            proc_sign: ProcSign {
                attrs: [
                    Attr(
                        AttrContent {
                            ident: "checksum",
                            params: [
                                String(
                                    StringLit {
                                        text: "5",
                                    },
                                ),
                            ],
                        },
                    ),
                ],
                ident: "P",
                type_params: [],
                var_params: [],
                returns: [],
            },
            specs: [],
            impl_body: None,
        },
    ),
    Impl(
        ImplDecl {
            proc_sign: ProcSign {
                attrs: [
                    Attr(
                        AttrContent {
                            ident: "id",
                            params: [
                                String(
                                    StringLit {
                                        text: "P",
                                    },
                                ),
                            ],
                        },
                    ),
                    Attr(
                        AttrContent {
                            ident: "checksum",
                            params: [
                                String(
                                    StringLit {
                                        text: "4",
                                    },
                                ),
                            ],
                        },
                    ),
                ],
                ident: "P",
                type_params: [],
                var_params: [],
                returns: [],
            },
            impl_body: ImplBody {
                local_vars: [],
                stmt_list: [
                    LabelOrCmd(
                        Call(
                            CallCmd {
                                attrs: [],
                                call_params: CallParams {
                                    returns: [],
                                    target: "Q",
                                    params: [],
                                },
                                is_async: false,
                                is_free: false,
                            },
                        ),
                    ),
                ],
            },
        },
    ),
    Proc(
        ProcDecl {
            proc_sign: ProcSign {
                attrs: [
                    Attr(
                        AttrContent {
                            ident: "checksum",
                            params: [
                                String(
                                    StringLit {
                                        text: "3",
                                    },
                                ),
                            ],
                        },
                    ),
                ],
                ident: "Q",
                type_params: [],
                var_params: [],
                returns: [],
            },
            specs: [],
            impl_body: None,
        },
    ),
]

[Printed]
procedure {:checksum "5"} P();

implementation {:id "P"} {:checksum "4"} P() {
  call Q();
}

procedure {:checksum "3"} Q();

[Input - ../../vendor/boogie/Test/snapshots/Snapshots33.v1.bpl]
procedure {:checksum "5"} P();

implementation {:id "P"} {:checksum "4"} P()
{
    call Q();
}

procedure {:checksum "3"} Q();
